<?xml version="1.0" encoding="ISO-8859-1" ?>
<link_info>
   <banner>TI ARM Linker PC v20.2.7.LTS</banner>
   <copyright>Copyright (c) 1996-2018 Texas Instruments Incorporated</copyright>
   <link_time>0x6444d8e6</link_time>
   <link_errors>0x0</link_errors>
   <output_file>ex1_new.out</output_file>
   <entry_point>
      <name>_c_int00_noargs</name>
      <address>0x18e1</address>
   </entry_point>
   <input_file_list>
      <input_file id="fl-2">
         <path>.\</path>
         <kind>object</kind>
         <file>main.obj</file>
         <name>main.obj</name>
      </input_file>
      <input_file id="fl-3">
         <path>.\</path>
         <kind>object</kind>
         <file>matrixLed.obj</file>
         <name>matrixLed.obj</name>
      </input_file>
      <input_file id="fl-4">
         <path>.\</path>
         <kind>object</kind>
         <file>random.obj</file>
         <name>random.obj</name>
      </input_file>
      <input_file id="fl-5">
         <path>.\</path>
         <kind>object</kind>
         <file>tm4c123gh6pm_startup_ccs.obj</file>
         <name>tm4c123gh6pm_startup_ccs.obj</name>
      </input_file>
      <input_file id="fl-a">
         <kind>object</kind>
         <file>&lt;internal&gt;</file>
         <name>&lt;internal&gt;</name>
      </input_file>
      <input_file id="fl-b">
         <path>..\</path>
         <kind>archive</kind>
         <file>driverlib.lib</file>
         <name>gpio.obj</name>
      </input_file>
      <input_file id="fl-c">
         <path>..\</path>
         <kind>archive</kind>
         <file>driverlib.lib</file>
         <name>interrupt.obj</name>
      </input_file>
      <input_file id="fl-d">
         <path>..\</path>
         <kind>archive</kind>
         <file>driverlib.lib</file>
         <name>sysctl.obj</name>
      </input_file>
      <input_file id="fl-e">
         <path>..\</path>
         <kind>archive</kind>
         <file>driverlib.lib</file>
         <name>systick.obj</name>
      </input_file>
      <input_file id="fl-f">
         <path>..\</path>
         <kind>archive</kind>
         <file>driverlib.lib</file>
         <name>cpu.obj</name>
      </input_file>
      <input_file id="fl-c5">
         <path>C:\ti\ccs1220\ccs\tools\compiler\ti-cgt-arm_20.2.7.LTS\lib\</path>
         <kind>archive</kind>
         <file>rtsv7M4_T_le_v4SPD16_eabi.lib</file>
         <name>fd_add_t2.asm.obj</name>
      </input_file>
      <input_file id="fl-c6">
         <path>C:\ti\ccs1220\ccs\tools\compiler\ti-cgt-arm_20.2.7.LTS\lib\</path>
         <kind>archive</kind>
         <file>rtsv7M4_T_le_v4SPD16_eabi.lib</file>
         <name>fd_div_t2.asm.obj</name>
      </input_file>
      <input_file id="fl-c7">
         <path>C:\ti\ccs1220\ccs\tools\compiler\ti-cgt-arm_20.2.7.LTS\lib\</path>
         <kind>archive</kind>
         <file>rtsv7M4_T_le_v4SPD16_eabi.lib</file>
         <name>fd_mul_t2.asm.obj</name>
      </input_file>
      <input_file id="fl-c8">
         <path>C:\ti\ccs1220\ccs\tools\compiler\ti-cgt-arm_20.2.7.LTS\lib\</path>
         <kind>archive</kind>
         <file>rtsv7M4_T_le_v4SPD16_eabi.lib</file>
         <name>fd_toi_t2.asm.obj</name>
      </input_file>
      <input_file id="fl-c9">
         <path>C:\ti\ccs1220\ccs\tools\compiler\ti-cgt-arm_20.2.7.LTS\lib\</path>
         <kind>archive</kind>
         <file>rtsv7M4_T_le_v4SPD16_eabi.lib</file>
         <name>i_tofd_t2.asm.obj</name>
      </input_file>
      <input_file id="fl-ca">
         <path>C:\ti\ccs1220\ccs\tools\compiler\ti-cgt-arm_20.2.7.LTS\lib\</path>
         <kind>archive</kind>
         <file>rtsv7M4_T_le_v4SPD16_eabi.lib</file>
         <name>copy_zero_init.c.obj</name>
      </input_file>
      <input_file id="fl-cb">
         <path>C:\ti\ccs1220\ccs\tools\compiler\ti-cgt-arm_20.2.7.LTS\lib\</path>
         <kind>archive</kind>
         <file>rtsv7M4_T_le_v4SPD16_eabi.lib</file>
         <name>copy_decompress_none.c.obj</name>
      </input_file>
      <input_file id="fl-cc">
         <path>C:\ti\ccs1220\ccs\tools\compiler\ti-cgt-arm_20.2.7.LTS\lib\</path>
         <kind>archive</kind>
         <file>rtsv7M4_T_le_v4SPD16_eabi.lib</file>
         <name>copy_decompress_lzss.c.obj</name>
      </input_file>
      <input_file id="fl-cd">
         <path>C:\ti\ccs1220\ccs\tools\compiler\ti-cgt-arm_20.2.7.LTS\lib\</path>
         <kind>archive</kind>
         <file>rtsv7M4_T_le_v4SPD16_eabi.lib</file>
         <name>rand.c.obj</name>
      </input_file>
      <input_file id="fl-ce">
         <path>C:\ti\ccs1220\ccs\tools\compiler\ti-cgt-arm_20.2.7.LTS\lib\</path>
         <kind>archive</kind>
         <file>rtsv7M4_T_le_v4SPD16_eabi.lib</file>
         <name>boot_cortex_m.c.obj</name>
      </input_file>
      <input_file id="fl-cf">
         <path>C:\ti\ccs1220\ccs\tools\compiler\ti-cgt-arm_20.2.7.LTS\lib\</path>
         <kind>archive</kind>
         <file>rtsv7M4_T_le_v4SPD16_eabi.lib</file>
         <name>memcpy_t2.asm.obj</name>
      </input_file>
      <input_file id="fl-d0">
         <path>C:\ti\ccs1220\ccs\tools\compiler\ti-cgt-arm_20.2.7.LTS\lib\</path>
         <kind>archive</kind>
         <file>rtsv7M4_T_le_v4SPD16_eabi.lib</file>
         <name>memset_t2.asm.obj</name>
      </input_file>
      <input_file id="fl-d1">
         <path>C:\ti\ccs1220\ccs\tools\compiler\ti-cgt-arm_20.2.7.LTS\lib\</path>
         <kind>archive</kind>
         <file>rtsv7M4_T_le_v4SPD16_eabi.lib</file>
         <name>autoinit.c.obj</name>
      </input_file>
      <input_file id="fl-d2">
         <path>C:\ti\ccs1220\ccs\tools\compiler\ti-cgt-arm_20.2.7.LTS\lib\</path>
         <kind>archive</kind>
         <file>rtsv7M4_T_le_v4SPD16_eabi.lib</file>
         <name>pre_init.c.obj</name>
      </input_file>
      <input_file id="fl-d3">
         <path>C:\ti\ccs1220\ccs\tools\compiler\ti-cgt-arm_20.2.7.LTS\lib\</path>
         <kind>archive</kind>
         <file>rtsv7M4_T_le_v4SPD16_eabi.lib</file>
         <name>cpy_tbl.c.obj</name>
      </input_file>
      <input_file id="fl-d4">
         <path>C:\ti\ccs1220\ccs\tools\compiler\ti-cgt-arm_20.2.7.LTS\lib\</path>
         <kind>archive</kind>
         <file>rtsv7M4_T_le_v4SPD16_eabi.lib</file>
         <name>exit.c.obj</name>
      </input_file>
      <input_file id="fl-d5">
         <path>C:\ti\ccs1220\ccs\tools\compiler\ti-cgt-arm_20.2.7.LTS\lib\</path>
         <kind>archive</kind>
         <file>rtsv7M4_T_le_v4SPD16_eabi.lib</file>
         <name>_lock.c.obj</name>
      </input_file>
      <input_file id="fl-d6">
         <path>C:\ti\ccs1220\ccs\tools\compiler\ti-cgt-arm_20.2.7.LTS\lib\</path>
         <kind>archive</kind>
         <file>rtsv7M4_T_le_v4SPD16_eabi.lib</file>
         <name>args_main.c.obj</name>
      </input_file>
   </input_file_list>
   <object_component_list>
      <object_component id="oc-12">
         <name>.intvecs</name>
         <load_address>0x0</load_address>
         <run_address>0x0</run_address>
         <size>0x26c</size>
         <input_file_ref idref="fl-5"/>
      </object_component>
      <object_component id="oc-9b">
         <name>.text</name>
         <load_address>0x26c</load_address>
         <run_address>0x26c</run_address>
         <size>0x9ec</size>
         <input_file_ref idref="fl-2"/>
      </object_component>
      <object_component id="oc-197">
         <name>.text</name>
         <load_address>0xc58</load_address>
         <run_address>0xc58</run_address>
         <size>0x1c4</size>
         <input_file_ref idref="fl-3"/>
      </object_component>
      <object_component id="oc-1fb">
         <name>.text</name>
         <load_address>0xe1c</load_address>
         <run_address>0xe1c</run_address>
         <size>0x1b6</size>
         <input_file_ref idref="fl-c5"/>
      </object_component>
      <object_component id="oc-2eb">
         <name>.text:_nop</name>
         <load_address>0xfd2</load_address>
         <run_address>0xfd2</run_address>
         <size>0x2</size>
         <input_file_ref idref="fl-d5"/>
      </object_component>
      <object_component id="oc-25b">
         <name>.text:GPIOPadConfigSet</name>
         <load_address>0xfd4</load_address>
         <run_address>0xfd4</run_address>
         <size>0x16c</size>
         <input_file_ref idref="fl-b"/>
      </object_component>
      <object_component id="oc-205">
         <name>.text</name>
         <load_address>0x1140</load_address>
         <run_address>0x1140</run_address>
         <size>0x136</size>
         <input_file_ref idref="fl-c6"/>
      </object_component>
      <object_component id="oc-c9">
         <name>.text:SysCtlClockGet</name>
         <load_address>0x1278</load_address>
         <run_address>0x1278</run_address>
         <size>0x118</size>
         <input_file_ref idref="fl-d"/>
      </object_component>
      <object_component id="oc-200">
         <name>.text</name>
         <load_address>0x1390</load_address>
         <run_address>0x1390</run_address>
         <size>0xfc</size>
         <input_file_ref idref="fl-c7"/>
      </object_component>
      <object_component id="oc-149">
         <name>.text:SysCtlClockSet</name>
         <load_address>0x148c</load_address>
         <run_address>0x148c</run_address>
         <size>0xf4</size>
         <input_file_ref idref="fl-d"/>
      </object_component>
      <object_component id="oc-3b">
         <name>.text</name>
         <load_address>0x1580</load_address>
         <run_address>0x1580</run_address>
         <size>0x9c</size>
         <input_file_ref idref="fl-cf"/>
      </object_component>
      <object_component id="oc-18b">
         <name>.text:IntEnable</name>
         <load_address>0x161c</load_address>
         <run_address>0x161c</run_address>
         <size>0x68</size>
         <input_file_ref idref="fl-c"/>
      </object_component>
      <object_component id="oc-15">
         <name>.text:decompress:lzss:__TI_decompress_lzss</name>
         <load_address>0x1684</load_address>
         <run_address>0x1684</run_address>
         <size>0x68</size>
         <input_file_ref idref="fl-cc"/>
      </object_component>
      <object_component id="oc-d5">
         <name>.text</name>
         <load_address>0x16ec</load_address>
         <run_address>0x16ec</run_address>
         <size>0x64</size>
         <input_file_ref idref="fl-4"/>
      </object_component>
      <object_component id="oc-179">
         <name>.text:GPIOIntTypeSet</name>
         <load_address>0x1750</load_address>
         <run_address>0x1750</run_address>
         <size>0x58</size>
         <input_file_ref idref="fl-b"/>
      </object_component>
      <object_component id="oc-20a">
         <name>.text</name>
         <load_address>0x17a8</load_address>
         <run_address>0x17a8</run_address>
         <size>0x48</size>
         <input_file_ref idref="fl-c8"/>
      </object_component>
      <object_component id="oc-274">
         <name>.text:_GPIOIntNumberGet</name>
         <load_address>0x17f0</load_address>
         <run_address>0x17f0</run_address>
         <size>0x44</size>
         <input_file_ref idref="fl-b"/>
      </object_component>
      <object_component id="oc-1b1">
         <name>.text:__TI_auto_init_nobinit_nopinit:__TI_auto_init_nobinit_nopinit</name>
         <load_address>0x1834</load_address>
         <run_address>0x1834</run_address>
         <size>0x44</size>
         <input_file_ref idref="fl-d1"/>
      </object_component>
      <object_component id="oc-26b">
         <name>.text:IntRegister</name>
         <load_address>0x1878</load_address>
         <run_address>0x1878</run_address>
         <size>0x34</size>
         <input_file_ref idref="fl-c"/>
      </object_component>
      <object_component id="oc-14f">
         <name>.text:SysCtlPeripheralEnable</name>
         <load_address>0x18ac</load_address>
         <run_address>0x18ac</run_address>
         <size>0x34</size>
         <input_file_ref idref="fl-d"/>
      </object_component>
      <object_component id="oc-59">
         <name>.text:_c_int00_noargs:_c_int00_noargs</name>
         <load_address>0x18e0</load_address>
         <run_address>0x18e0</run_address>
         <size>0x34</size>
         <input_file_ref idref="fl-ce"/>
      </object_component>
      <object_component id="oc-1f5">
         <name>.text:rand</name>
         <load_address>0x1914</load_address>
         <run_address>0x1914</run_address>
         <size>0x34</size>
         <input_file_ref idref="fl-cd"/>
      </object_component>
      <object_component id="oc-1f0">
         <name>.text</name>
         <load_address>0x1948</load_address>
         <run_address>0x1948</run_address>
         <size>0x2e</size>
         <input_file_ref idref="fl-c9"/>
      </object_component>
      <object_component id="oc-261">
         <name>.text:GPIODirModeSet</name>
         <load_address>0x1976</load_address>
         <run_address>0x1976</run_address>
         <size>0x2c</size>
         <input_file_ref idref="fl-b"/>
      </object_component>
      <object_component id="oc-16d">
         <name>.text:SysTickIntRegister</name>
         <load_address>0x19a4</load_address>
         <run_address>0x19a4</run_address>
         <size>0x1c</size>
         <input_file_ref idref="fl-e"/>
      </object_component>
      <object_component id="oc-47">
         <name>.text:decompress:ZI:__TI_zero_init_nomemset:__TI_zero_init_nomemset</name>
         <load_address>0x19c0</load_address>
         <run_address>0x19c0</run_address>
         <size>0x1c</size>
         <input_file_ref idref="fl-ca"/>
      </object_component>
      <object_component id="oc-155">
         <name>.text:GPIOPinTypeGPIOOutput</name>
         <load_address>0x19dc</load_address>
         <run_address>0x19dc</run_address>
         <size>0x1a</size>
         <input_file_ref idref="fl-b"/>
      </object_component>
      <object_component id="oc-17f">
         <name>.text:GPIOIntRegister</name>
         <load_address>0x19f6</load_address>
         <run_address>0x19f6</run_address>
         <size>0x18</size>
         <input_file_ref idref="fl-b"/>
      </object_component>
      <object_component id="oc-173">
         <name>.text:GPIOPinTypeGPIOInput</name>
         <load_address>0x1a0e</load_address>
         <run_address>0x1a0e</run_address>
         <size>0x16</size>
         <input_file_ref idref="fl-b"/>
      </object_component>
      <object_component id="oc-167">
         <name>.text:SysTickEnable</name>
         <load_address>0x1a24</load_address>
         <run_address>0x1a24</run_address>
         <size>0x14</size>
         <input_file_ref idref="fl-e"/>
      </object_component>
      <object_component id="oc-161">
         <name>.text:SysTickIntEnable</name>
         <load_address>0x1a38</load_address>
         <run_address>0x1a38</run_address>
         <size>0x14</size>
         <input_file_ref idref="fl-e"/>
      </object_component>
      <object_component id="oc-191">
         <name>.text:IntMasterEnable</name>
         <load_address>0x1a4c</load_address>
         <run_address>0x1a4c</run_address>
         <size>0x10</size>
         <input_file_ref idref="fl-c"/>
      </object_component>
      <object_component id="oc-cf">
         <name>.text:SysTickPeriodSet</name>
         <load_address>0x1a5c</load_address>
         <run_address>0x1a5c</run_address>
         <size>0x10</size>
         <input_file_ref idref="fl-e"/>
      </object_component>
      <object_component id="oc-f3">
         <name>.text:GPIOIntStatus</name>
         <load_address>0x1a6c</load_address>
         <run_address>0x1a6c</run_address>
         <size>0xe</size>
         <input_file_ref idref="fl-b"/>
      </object_component>
      <object_component id="oc-1b">
         <name>.text:decompress:none:__TI_decompress_none</name>
         <load_address>0x1a7a</load_address>
         <run_address>0x1a7a</run_address>
         <size>0xe</size>
         <input_file_ref idref="fl-cb"/>
      </object_component>
      <object_component id="oc-281">
         <name>.text:CPUcpsie</name>
         <load_address>0x1a88</load_address>
         <run_address>0x1a88</run_address>
         <size>0xc</size>
         <input_file_ref idref="fl-f"/>
      </object_component>
      <object_component id="oc-185">
         <name>.text:GPIOIntEnable</name>
         <load_address>0x1a94</load_address>
         <run_address>0x1a94</run_address>
         <size>0xc</size>
         <input_file_ref idref="fl-b"/>
      </object_component>
      <object_component id="oc-27">
         <name>.text</name>
         <load_address>0x1aa0</load_address>
         <run_address>0x1aa0</run_address>
         <size>0xc</size>
         <input_file_ref idref="fl-5"/>
      </object_component>
      <object_component id="oc-f9">
         <name>.text:GPIOIntClear</name>
         <load_address>0x1aac</load_address>
         <run_address>0x1aac</run_address>
         <size>0x6</size>
         <input_file_ref idref="fl-b"/>
      </object_component>
      <object_component id="oc-15b">
         <name>.text:GPIOPinWrite</name>
         <load_address>0x1ab2</load_address>
         <run_address>0x1ab2</run_address>
         <size>0x6</size>
         <input_file_ref idref="fl-b"/>
      </object_component>
      <object_component id="oc-19d">
         <name>.text:SysCtlDelay</name>
         <load_address>0x1ab8</load_address>
         <run_address>0x1ab8</run_address>
         <size>0x6</size>
         <input_file_ref idref="fl-d"/>
      </object_component>
      <object_component id="oc-95">
         <name>.text:_system_pre_init</name>
         <load_address>0x1abe</load_address>
         <run_address>0x1abe</run_address>
         <size>0x4</size>
         <input_file_ref idref="fl-d2"/>
      </object_component>
      <object_component id="oc-1a5">
         <name>.text:abort:abort</name>
         <load_address>0x1ac2</load_address>
         <run_address>0x1ac2</run_address>
         <size>0x4</size>
         <input_file_ref idref="fl-d4"/>
      </object_component>
      <object_component id="oc-2dd">
         <name>.const:g_ppui32GPIOIntMapSnowflake</name>
         <load_address>0x1ac8</load_address>
         <run_address>0x1ac8</run_address>
         <size>0xd8</size>
         <input_file_ref idref="fl-b"/>
      </object_component>
      <object_component id="oc-2da">
         <name>.const:g_ppui32GPIOIntMapBlizzard</name>
         <load_address>0x1ba0</load_address>
         <run_address>0x1ba0</run_address>
         <size>0xc0</size>
         <input_file_ref idref="fl-b"/>
      </object_component>
      <object_component id="oc-1e5">
         <name>.const:g_pui32Xtals</name>
         <load_address>0x1c60</load_address>
         <run_address>0x1c60</run_address>
         <size>0x6c</size>
         <input_file_ref idref="fl-d"/>
      </object_component>
      <object_component id="oc-27c">
         <name>.const:g_pui32EnRegs</name>
         <load_address>0x1ccc</load_address>
         <run_address>0x1ccc</run_address>
         <size>0x14</size>
         <input_file_ref idref="fl-c"/>
      </object_component>
      <object_component id="oc-34f">
         <name>.cinit..data.load</name>
         <load_address>0x1ce0</load_address>
         <run_address>0x1ce0</run_address>
         <size>0xeb</size>
      </object_component>
      <object_component id="oc-34c">
         <name>__TI_handler_table</name>
         <load_address>0x1dcc</load_address>
         <run_address>0x1dcc</run_address>
         <size>0xc</size>
      </object_component>
      <object_component id="oc-350">
         <name>.cinit..bss.load</name>
         <load_address>0x1dd8</load_address>
         <run_address>0x1dd8</run_address>
         <size>0x8</size>
      </object_component>
      <object_component id="oc-34e">
         <name>.cinit..vtable.load</name>
         <load_address>0x1de0</load_address>
         <run_address>0x1de0</run_address>
         <size>0x8</size>
      </object_component>
      <object_component id="oc-34d">
         <name>__TI_cinit_table</name>
         <load_address>0x1de8</load_address>
         <run_address>0x1de8</run_address>
         <size>0x18</size>
      </object_component>
      <object_component id="oc-2d6">
         <name>.vtable</name>
         <uninitialized>true</uninitialized>
         <run_address>0x20000000</run_address>
         <size>0x26c</size>
         <input_file_ref idref="fl-c"/>
      </object_component>
      <object_component id="oc-db">
         <name>.data</name>
         <load_address>0x2000055c</load_address>
         <run_address>0x2000055c</run_address>
         <size>0xc</size>
         <input_file_ref idref="fl-2"/>
      </object_component>
      <object_component id="oc-ff">
         <name>.data:MD</name>
         <load_address>0x20000380</load_address>
         <run_address>0x20000380</run_address>
         <size>0x48</size>
         <input_file_ref idref="fl-2"/>
      </object_component>
      <object_component id="oc-f0">
         <name>.data:OVER</name>
         <load_address>0x2000026c</load_address>
         <run_address>0x2000026c</run_address>
         <size>0x114</size>
         <input_file_ref idref="fl-2"/>
      </object_component>
      <object_component id="oc-143">
         <name>.data:TURN</name>
         <load_address>0x20000550</load_address>
         <run_address>0x20000550</run_address>
         <size>0xc</size>
         <input_file_ref idref="fl-2"/>
      </object_component>
      <object_component id="oc-103">
         <name>.data:K_chu_O</name>
         <load_address>0x200004a8</load_address>
         <run_address>0x200004a8</run_address>
         <size>0xc</size>
         <input_file_ref idref="fl-2"/>
      </object_component>
      <object_component id="oc-107">
         <name>.data:K_chu_O_right</name>
         <load_address>0x200004b4</load_address>
         <run_address>0x200004b4</run_address>
         <size>0xc</size>
         <input_file_ref idref="fl-2"/>
      </object_component>
      <object_component id="oc-de">
         <name>.data:K_chu_Z_0</name>
         <load_address>0x2000052c</load_address>
         <run_address>0x2000052c</run_address>
         <size>0xc</size>
         <input_file_ref idref="fl-2"/>
      </object_component>
      <object_component id="oc-10d">
         <name>.data:K_chu_Z_1</name>
         <load_address>0x20000538</load_address>
         <run_address>0x20000538</run_address>
         <size>0xc</size>
         <input_file_ref idref="fl-2"/>
      </object_component>
      <object_component id="oc-10a">
         <name>.data:K_chu_Z_1_right</name>
         <load_address>0x20000544</load_address>
         <run_address>0x20000544</run_address>
         <size>0xc</size>
         <input_file_ref idref="fl-2"/>
      </object_component>
      <object_component id="oc-e1">
         <name>.data:K_chu_S_0</name>
         <load_address>0x200004c0</load_address>
         <run_address>0x200004c0</run_address>
         <size>0xc</size>
         <input_file_ref idref="fl-2"/>
      </object_component>
      <object_component id="oc-113">
         <name>.data:K_chu_S_1</name>
         <load_address>0x200004cc</load_address>
         <run_address>0x200004cc</run_address>
         <size>0xc</size>
         <input_file_ref idref="fl-2"/>
      </object_component>
      <object_component id="oc-110">
         <name>.data:K_chu_S_1_right</name>
         <load_address>0x200004d8</load_address>
         <run_address>0x200004d8</run_address>
         <size>0xc</size>
         <input_file_ref idref="fl-2"/>
      </object_component>
      <object_component id="oc-e4">
         <name>.data:K_chu_I_0</name>
         <load_address>0x200003e8</load_address>
         <run_address>0x200003e8</run_address>
         <size>0xc</size>
         <input_file_ref idref="fl-2"/>
      </object_component>
      <object_component id="oc-116">
         <name>.data:K_chu_I_1</name>
         <load_address>0x200003f4</load_address>
         <run_address>0x200003f4</run_address>
         <size>0xc</size>
         <input_file_ref idref="fl-2"/>
      </object_component>
      <object_component id="oc-119">
         <name>.data:K_chu_I_1_left</name>
         <load_address>0x20000400</load_address>
         <run_address>0x20000400</run_address>
         <size>0xc</size>
         <input_file_ref idref="fl-2"/>
      </object_component>
      <object_component id="oc-11c">
         <name>.data:K_chu_I_1_right</name>
         <load_address>0x2000040c</load_address>
         <run_address>0x2000040c</run_address>
         <size>0xc</size>
         <input_file_ref idref="fl-2"/>
      </object_component>
      <object_component id="oc-e7">
         <name>.data:K_chu_J_0</name>
         <load_address>0x20000418</load_address>
         <run_address>0x20000418</run_address>
         <size>0xc</size>
         <input_file_ref idref="fl-2"/>
      </object_component>
      <object_component id="oc-128">
         <name>.data:K_chu_J_1</name>
         <load_address>0x20000424</load_address>
         <run_address>0x20000424</run_address>
         <size>0xc</size>
         <input_file_ref idref="fl-2"/>
      </object_component>
      <object_component id="oc-125">
         <name>.data:K_chu_J_1_right</name>
         <load_address>0x20000430</load_address>
         <run_address>0x20000430</run_address>
         <size>0xc</size>
         <input_file_ref idref="fl-2"/>
      </object_component>
      <object_component id="oc-146">
         <name>.data:K_chu_J_2</name>
         <load_address>0x2000043c</load_address>
         <run_address>0x2000043c</run_address>
         <size>0xc</size>
         <input_file_ref idref="fl-2"/>
      </object_component>
      <object_component id="oc-11f">
         <name>.data:K_chu_J_3</name>
         <load_address>0x20000448</load_address>
         <run_address>0x20000448</run_address>
         <size>0xc</size>
         <input_file_ref idref="fl-2"/>
      </object_component>
      <object_component id="oc-122">
         <name>.data:K_chu_J_3_left</name>
         <load_address>0x20000454</load_address>
         <run_address>0x20000454</run_address>
         <size>0xc</size>
         <input_file_ref idref="fl-2"/>
      </object_component>
      <object_component id="oc-ea">
         <name>.data:K_chu_L_0</name>
         <load_address>0x20000460</load_address>
         <run_address>0x20000460</run_address>
         <size>0xc</size>
         <input_file_ref idref="fl-2"/>
      </object_component>
      <object_component id="oc-134">
         <name>.data:K_chu_L_1</name>
         <load_address>0x2000046c</load_address>
         <run_address>0x2000046c</run_address>
         <size>0xc</size>
         <input_file_ref idref="fl-2"/>
      </object_component>
      <object_component id="oc-131">
         <name>.data:K_chu_L_1_right</name>
         <load_address>0x20000478</load_address>
         <run_address>0x20000478</run_address>
         <size>0xc</size>
         <input_file_ref idref="fl-2"/>
      </object_component>
      <object_component id="oc-19e">
         <name>.data:K_chu_L_2</name>
         <load_address>0x20000484</load_address>
         <run_address>0x20000484</run_address>
         <size>0xc</size>
         <input_file_ref idref="fl-2"/>
      </object_component>
      <object_component id="oc-12b">
         <name>.data:K_chu_L_3</name>
         <load_address>0x20000490</load_address>
         <run_address>0x20000490</run_address>
         <size>0xc</size>
         <input_file_ref idref="fl-2"/>
      </object_component>
      <object_component id="oc-12e">
         <name>.data:K_chu_L_3_left</name>
         <load_address>0x2000049c</load_address>
         <run_address>0x2000049c</run_address>
         <size>0xc</size>
         <input_file_ref idref="fl-2"/>
      </object_component>
      <object_component id="oc-ed">
         <name>.data:K_chu_T_0</name>
         <load_address>0x200004e4</load_address>
         <run_address>0x200004e4</run_address>
         <size>0xc</size>
         <input_file_ref idref="fl-2"/>
      </object_component>
      <object_component id="oc-140">
         <name>.data:K_chu_T_1</name>
         <load_address>0x200004f0</load_address>
         <run_address>0x200004f0</run_address>
         <size>0xc</size>
         <input_file_ref idref="fl-2"/>
      </object_component>
      <object_component id="oc-13d">
         <name>.data:K_chu_T_1_right</name>
         <load_address>0x200004fc</load_address>
         <run_address>0x200004fc</run_address>
         <size>0xc</size>
         <input_file_ref idref="fl-2"/>
      </object_component>
      <object_component id="oc-1a1">
         <name>.data:K_chu_T_2</name>
         <load_address>0x20000508</load_address>
         <run_address>0x20000508</run_address>
         <size>0xc</size>
         <input_file_ref idref="fl-2"/>
      </object_component>
      <object_component id="oc-137">
         <name>.data:K_chu_T_3</name>
         <load_address>0x20000514</load_address>
         <run_address>0x20000514</run_address>
         <size>0xc</size>
         <input_file_ref idref="fl-2"/>
      </object_component>
      <object_component id="oc-13a">
         <name>.data:K_chu_T_3_left</name>
         <load_address>0x20000520</load_address>
         <run_address>0x20000520</run_address>
         <size>0xc</size>
         <input_file_ref idref="fl-2"/>
      </object_component>
      <object_component id="oc-288">
         <name>.data:GPIO</name>
         <load_address>0x200003c8</load_address>
         <run_address>0x200003c8</run_address>
         <size>0x20</size>
         <input_file_ref idref="fl-3"/>
      </object_component>
      <object_component id="oc-2bf">
         <name>.data</name>
         <load_address>0x20000570</load_address>
         <run_address>0x20000570</run_address>
         <size>0x4</size>
         <input_file_ref idref="fl-cd"/>
      </object_component>
      <object_component id="oc-294">
         <name>.data:$O1$$</name>
         <load_address>0x20000568</load_address>
         <run_address>0x20000568</run_address>
         <size>0x8</size>
         <input_file_ref idref="fl-d5"/>
      </object_component>
      <object_component id="oc-106">
         <name>.bss</name>
         <uninitialized>true</uninitialized>
         <run_address>0x2000077c</run_address>
         <size>0x2</size>
         <input_file_ref idref="fl-2"/>
      </object_component>
      <object_component id="oc-102">
         <name>.common:current</name>
         <uninitialized>true</uninitialized>
         <run_address>0x20000778</run_address>
         <size>0x4</size>
      </object_component>
      <object_component id="oc-24">
         <name>.stack</name>
         <uninitialized>true</uninitialized>
         <run_address>0x20000578</run_address>
         <size>0x4</size>
         <input_file_ref idref="fl-ce"/>
      </object_component>
      <object_component id="oc-352">
         <name>.stack</name>
         <uninitialized>true</uninitialized>
         <run_address>0x20000578</run_address>
         <size>0x0</size>
      </object_component>
      <object_component id="oc-b7">
         <name>.debug_info</name>
         <load_address>0x0</load_address>
         <run_address>0x0</run_address>
         <size>0x709</size>
         <input_file_ref idref="fl-2"/>
      </object_component>
      <object_component id="oc-dc">
         <name>.debug_info</name>
         <load_address>0x709</load_address>
         <run_address>0x709</run_address>
         <size>0x10c</size>
         <input_file_ref idref="fl-2"/>
      </object_component>
      <object_component id="oc-100">
         <name>.debug_info</name>
         <load_address>0x815</load_address>
         <run_address>0x815</run_address>
         <size>0xbe</size>
         <input_file_ref idref="fl-2"/>
      </object_component>
      <object_component id="oc-f1">
         <name>.debug_info</name>
         <load_address>0x8d3</load_address>
         <run_address>0x8d3</run_address>
         <size>0xc2</size>
         <input_file_ref idref="fl-2"/>
      </object_component>
      <object_component id="oc-144">
         <name>.debug_info</name>
         <load_address>0x995</load_address>
         <run_address>0x995</run_address>
         <size>0xc2</size>
         <input_file_ref idref="fl-2"/>
      </object_component>
      <object_component id="oc-104">
         <name>.debug_info</name>
         <load_address>0xa57</load_address>
         <run_address>0xa57</run_address>
         <size>0xc8</size>
         <input_file_ref idref="fl-2"/>
      </object_component>
      <object_component id="oc-108">
         <name>.debug_info</name>
         <load_address>0xb1f</load_address>
         <run_address>0xb1f</run_address>
         <size>0xd4</size>
         <input_file_ref idref="fl-2"/>
      </object_component>
      <object_component id="oc-df">
         <name>.debug_info</name>
         <load_address>0xbf3</load_address>
         <run_address>0xbf3</run_address>
         <size>0xcc</size>
         <input_file_ref idref="fl-2"/>
      </object_component>
      <object_component id="oc-10e">
         <name>.debug_info</name>
         <load_address>0xcbf</load_address>
         <run_address>0xcbf</run_address>
         <size>0xcc</size>
         <input_file_ref idref="fl-2"/>
      </object_component>
      <object_component id="oc-10b">
         <name>.debug_info</name>
         <load_address>0xd8b</load_address>
         <run_address>0xd8b</run_address>
         <size>0xd8</size>
         <input_file_ref idref="fl-2"/>
      </object_component>
      <object_component id="oc-e2">
         <name>.debug_info</name>
         <load_address>0xe63</load_address>
         <run_address>0xe63</run_address>
         <size>0xcc</size>
         <input_file_ref idref="fl-2"/>
      </object_component>
      <object_component id="oc-114">
         <name>.debug_info</name>
         <load_address>0xf2f</load_address>
         <run_address>0xf2f</run_address>
         <size>0xcc</size>
         <input_file_ref idref="fl-2"/>
      </object_component>
      <object_component id="oc-111">
         <name>.debug_info</name>
         <load_address>0xffb</load_address>
         <run_address>0xffb</run_address>
         <size>0xd8</size>
         <input_file_ref idref="fl-2"/>
      </object_component>
      <object_component id="oc-e5">
         <name>.debug_info</name>
         <load_address>0x10d3</load_address>
         <run_address>0x10d3</run_address>
         <size>0xcc</size>
         <input_file_ref idref="fl-2"/>
      </object_component>
      <object_component id="oc-117">
         <name>.debug_info</name>
         <load_address>0x119f</load_address>
         <run_address>0x119f</run_address>
         <size>0xcc</size>
         <input_file_ref idref="fl-2"/>
      </object_component>
      <object_component id="oc-11a">
         <name>.debug_info</name>
         <load_address>0x126b</load_address>
         <run_address>0x126b</run_address>
         <size>0xd6</size>
         <input_file_ref idref="fl-2"/>
      </object_component>
      <object_component id="oc-11d">
         <name>.debug_info</name>
         <load_address>0x1341</load_address>
         <run_address>0x1341</run_address>
         <size>0xd8</size>
         <input_file_ref idref="fl-2"/>
      </object_component>
      <object_component id="oc-e8">
         <name>.debug_info</name>
         <load_address>0x1419</load_address>
         <run_address>0x1419</run_address>
         <size>0xcc</size>
         <input_file_ref idref="fl-2"/>
      </object_component>
      <object_component id="oc-129">
         <name>.debug_info</name>
         <load_address>0x14e5</load_address>
         <run_address>0x14e5</run_address>
         <size>0xcc</size>
         <input_file_ref idref="fl-2"/>
      </object_component>
      <object_component id="oc-126">
         <name>.debug_info</name>
         <load_address>0x15b1</load_address>
         <run_address>0x15b1</run_address>
         <size>0xd8</size>
         <input_file_ref idref="fl-2"/>
      </object_component>
      <object_component id="oc-147">
         <name>.debug_info</name>
         <load_address>0x1689</load_address>
         <run_address>0x1689</run_address>
         <size>0xcc</size>
         <input_file_ref idref="fl-2"/>
      </object_component>
      <object_component id="oc-120">
         <name>.debug_info</name>
         <load_address>0x1755</load_address>
         <run_address>0x1755</run_address>
         <size>0xcc</size>
         <input_file_ref idref="fl-2"/>
      </object_component>
      <object_component id="oc-123">
         <name>.debug_info</name>
         <load_address>0x1821</load_address>
         <run_address>0x1821</run_address>
         <size>0xd6</size>
         <input_file_ref idref="fl-2"/>
      </object_component>
      <object_component id="oc-eb">
         <name>.debug_info</name>
         <load_address>0x18f7</load_address>
         <run_address>0x18f7</run_address>
         <size>0xcc</size>
         <input_file_ref idref="fl-2"/>
      </object_component>
      <object_component id="oc-135">
         <name>.debug_info</name>
         <load_address>0x19c3</load_address>
         <run_address>0x19c3</run_address>
         <size>0xcc</size>
         <input_file_ref idref="fl-2"/>
      </object_component>
      <object_component id="oc-132">
         <name>.debug_info</name>
         <load_address>0x1a8f</load_address>
         <run_address>0x1a8f</run_address>
         <size>0xd8</size>
         <input_file_ref idref="fl-2"/>
      </object_component>
      <object_component id="oc-19f">
         <name>.debug_info</name>
         <load_address>0x1b67</load_address>
         <run_address>0x1b67</run_address>
         <size>0xcc</size>
         <input_file_ref idref="fl-2"/>
      </object_component>
      <object_component id="oc-12c">
         <name>.debug_info</name>
         <load_address>0x1c33</load_address>
         <run_address>0x1c33</run_address>
         <size>0xcc</size>
         <input_file_ref idref="fl-2"/>
      </object_component>
      <object_component id="oc-12f">
         <name>.debug_info</name>
         <load_address>0x1cff</load_address>
         <run_address>0x1cff</run_address>
         <size>0xd6</size>
         <input_file_ref idref="fl-2"/>
      </object_component>
      <object_component id="oc-ee">
         <name>.debug_info</name>
         <load_address>0x1dd5</load_address>
         <run_address>0x1dd5</run_address>
         <size>0xcc</size>
         <input_file_ref idref="fl-2"/>
      </object_component>
      <object_component id="oc-141">
         <name>.debug_info</name>
         <load_address>0x1ea1</load_address>
         <run_address>0x1ea1</run_address>
         <size>0xcc</size>
         <input_file_ref idref="fl-2"/>
      </object_component>
      <object_component id="oc-13e">
         <name>.debug_info</name>
         <load_address>0x1f6d</load_address>
         <run_address>0x1f6d</run_address>
         <size>0xd8</size>
         <input_file_ref idref="fl-2"/>
      </object_component>
      <object_component id="oc-1a2">
         <name>.debug_info</name>
         <load_address>0x2045</load_address>
         <run_address>0x2045</run_address>
         <size>0xcc</size>
         <input_file_ref idref="fl-2"/>
      </object_component>
      <object_component id="oc-138">
         <name>.debug_info</name>
         <load_address>0x2111</load_address>
         <run_address>0x2111</run_address>
         <size>0xcc</size>
         <input_file_ref idref="fl-2"/>
      </object_component>
      <object_component id="oc-13b">
         <name>.debug_info</name>
         <load_address>0x21dd</load_address>
         <run_address>0x21dd</run_address>
         <size>0xd6</size>
         <input_file_ref idref="fl-2"/>
      </object_component>
      <object_component id="oc-9c">
         <name>.debug_info</name>
         <load_address>0x22b3</load_address>
         <run_address>0x22b3</run_address>
         <size>0x673</size>
         <input_file_ref idref="fl-2"/>
      </object_component>
      <object_component id="oc-212">
         <name>.debug_info</name>
         <load_address>0x2926</load_address>
         <run_address>0x2926</run_address>
         <size>0x48</size>
         <input_file_ref idref="fl-2"/>
      </object_component>
      <object_component id="oc-70">
         <name>.debug_info</name>
         <load_address>0x296e</load_address>
         <run_address>0x296e</run_address>
         <size>0x26b</size>
         <input_file_ref idref="fl-2"/>
      </object_component>
      <object_component id="oc-b2">
         <name>.debug_info</name>
         <load_address>0x2bd9</load_address>
         <run_address>0x2bd9</run_address>
         <size>0x8b</size>
         <input_file_ref idref="fl-2"/>
      </object_component>
      <object_component id="oc-ad">
         <name>.debug_info</name>
         <load_address>0x2c64</load_address>
         <run_address>0x2c64</run_address>
         <size>0x2a4</size>
         <input_file_ref idref="fl-2"/>
      </object_component>
      <object_component id="oc-75">
         <name>.debug_info</name>
         <load_address>0x2f08</load_address>
         <run_address>0x2f08</run_address>
         <size>0xbb</size>
         <input_file_ref idref="fl-2"/>
      </object_component>
      <object_component id="oc-2e8">
         <name>.debug_info</name>
         <load_address>0x2fc3</load_address>
         <run_address>0x2fc3</run_address>
         <size>0x29c</size>
         <input_file_ref idref="fl-3"/>
      </object_component>
      <object_component id="oc-289">
         <name>.debug_info</name>
         <load_address>0x325f</load_address>
         <run_address>0x325f</run_address>
         <size>0xc7</size>
         <input_file_ref idref="fl-3"/>
      </object_component>
      <object_component id="oc-198">
         <name>.debug_info</name>
         <load_address>0x3326</load_address>
         <run_address>0x3326</run_address>
         <size>0x50a</size>
         <input_file_ref idref="fl-3"/>
      </object_component>
      <object_component id="oc-36">
         <name>.debug_info</name>
         <load_address>0x3830</load_address>
         <run_address>0x3830</run_address>
         <size>0x84</size>
         <input_file_ref idref="fl-3"/>
      </object_component>
      <object_component id="oc-d6">
         <name>.debug_info</name>
         <load_address>0x38b4</load_address>
         <run_address>0x38b4</run_address>
         <size>0x1de</size>
         <input_file_ref idref="fl-4"/>
      </object_component>
      <object_component id="oc-2f">
         <name>.debug_info</name>
         <load_address>0x3a92</load_address>
         <run_address>0x3a92</run_address>
         <size>0x2a7</size>
         <input_file_ref idref="fl-5"/>
      </object_component>
      <object_component id="oc-13">
         <name>.debug_info</name>
         <load_address>0x3d39</load_address>
         <run_address>0x3d39</run_address>
         <size>0xe6</size>
         <input_file_ref idref="fl-5"/>
      </object_component>
      <object_component id="oc-2a">
         <name>.debug_info</name>
         <load_address>0x3e1f</load_address>
         <run_address>0x3e1f</run_address>
         <size>0x262</size>
         <input_file_ref idref="fl-5"/>
      </object_component>
      <object_component id="oc-226">
         <name>.debug_info</name>
         <load_address>0x4081</load_address>
         <run_address>0x4081</run_address>
         <size>0x3e4</size>
         <input_file_ref idref="fl-b"/>
      </object_component>
      <object_component id="oc-2db">
         <name>.debug_info</name>
         <load_address>0x4465</load_address>
         <run_address>0x4465</run_address>
         <size>0x170</size>
         <input_file_ref idref="fl-b"/>
      </object_component>
      <object_component id="oc-2de">
         <name>.debug_info</name>
         <load_address>0x45d5</load_address>
         <run_address>0x45d5</run_address>
         <size>0x172</size>
         <input_file_ref idref="fl-b"/>
      </object_component>
      <object_component id="oc-15c">
         <name>.debug_info</name>
         <load_address>0x4747</load_address>
         <run_address>0x4747</run_address>
         <size>0x2ac</size>
         <input_file_ref idref="fl-b"/>
      </object_component>
      <object_component id="oc-262">
         <name>.debug_info</name>
         <load_address>0x49f3</load_address>
         <run_address>0x49f3</run_address>
         <size>0x2bc</size>
         <input_file_ref idref="fl-b"/>
      </object_component>
      <object_component id="oc-25c">
         <name>.debug_info</name>
         <load_address>0x4caf</load_address>
         <run_address>0x4caf</run_address>
         <size>0x31f</size>
         <input_file_ref idref="fl-b"/>
      </object_component>
      <object_component id="oc-156">
         <name>.debug_info</name>
         <load_address>0x4fce</load_address>
         <run_address>0x4fce</run_address>
         <size>0x2c0</size>
         <input_file_ref idref="fl-b"/>
      </object_component>
      <object_component id="oc-174">
         <name>.debug_info</name>
         <load_address>0x528e</load_address>
         <run_address>0x528e</run_address>
         <size>0x2a5</size>
         <input_file_ref idref="fl-b"/>
      </object_component>
      <object_component id="oc-275">
         <name>.debug_info</name>
         <load_address>0x5533</load_address>
         <run_address>0x5533</run_address>
         <size>0x2a1</size>
         <input_file_ref idref="fl-b"/>
      </object_component>
      <object_component id="oc-17a">
         <name>.debug_info</name>
         <load_address>0x57d4</load_address>
         <run_address>0x57d4</run_address>
         <size>0x2c4</size>
         <input_file_ref idref="fl-b"/>
      </object_component>
      <object_component id="oc-f4">
         <name>.debug_info</name>
         <load_address>0x5a98</load_address>
         <run_address>0x5a98</run_address>
         <size>0x288</size>
         <input_file_ref idref="fl-b"/>
      </object_component>
      <object_component id="oc-180">
         <name>.debug_info</name>
         <load_address>0x5d20</load_address>
         <run_address>0x5d20</run_address>
         <size>0x2d8</size>
         <input_file_ref idref="fl-b"/>
      </object_component>
      <object_component id="oc-186">
         <name>.debug_info</name>
         <load_address>0x5ff8</load_address>
         <run_address>0x5ff8</run_address>
         <size>0x298</size>
         <input_file_ref idref="fl-b"/>
      </object_component>
      <object_component id="oc-fa">
         <name>.debug_info</name>
         <load_address>0x6290</load_address>
         <run_address>0x6290</run_address>
         <size>0x296</size>
         <input_file_ref idref="fl-b"/>
      </object_component>
      <object_component id="oc-2b9">
         <name>.debug_info</name>
         <load_address>0x6526</load_address>
         <run_address>0x6526</run_address>
         <size>0x26b</size>
         <input_file_ref idref="fl-b"/>
      </object_component>
      <object_component id="oc-2b2">
         <name>.debug_info</name>
         <load_address>0x6791</load_address>
         <run_address>0x6791</run_address>
         <size>0x297</size>
         <input_file_ref idref="fl-b"/>
      </object_component>
      <object_component id="oc-2cf">
         <name>.debug_info</name>
         <load_address>0x6a28</load_address>
         <run_address>0x6a28</run_address>
         <size>0xef</size>
         <input_file_ref idref="fl-b"/>
      </object_component>
      <object_component id="oc-1e9">
         <name>.debug_info</name>
         <load_address>0x6b17</load_address>
         <run_address>0x6b17</run_address>
         <size>0xbb</size>
         <input_file_ref idref="fl-b"/>
      </object_component>
      <object_component id="oc-280">
         <name>.debug_info</name>
         <load_address>0x6bd2</load_address>
         <run_address>0x6bd2</run_address>
         <size>0x3b7</size>
         <input_file_ref idref="fl-c"/>
      </object_component>
      <object_component id="oc-27d">
         <name>.debug_info</name>
         <load_address>0x6f89</load_address>
         <run_address>0x6f89</run_address>
         <size>0x15b</size>
         <input_file_ref idref="fl-c"/>
      </object_component>
      <object_component id="oc-2d7">
         <name>.debug_info</name>
         <load_address>0x70e4</load_address>
         <run_address>0x70e4</run_address>
         <size>0x160</size>
         <input_file_ref idref="fl-c"/>
      </object_component>
      <object_component id="oc-26d">
         <name>.debug_info</name>
         <load_address>0x7244</load_address>
         <run_address>0x7244</run_address>
         <size>0x2ca</size>
         <input_file_ref idref="fl-c"/>
      </object_component>
      <object_component id="oc-193">
         <name>.debug_info</name>
         <load_address>0x750e</load_address>
         <run_address>0x750e</run_address>
         <size>0x247</size>
         <input_file_ref idref="fl-c"/>
      </object_component>
      <object_component id="oc-18d">
         <name>.debug_info</name>
         <load_address>0x7755</load_address>
         <run_address>0x7755</run_address>
         <size>0x271</size>
         <input_file_ref idref="fl-c"/>
      </object_component>
      <object_component id="oc-259">
         <name>.debug_info</name>
         <load_address>0x79c6</load_address>
         <run_address>0x79c6</run_address>
         <size>0x441</size>
         <input_file_ref idref="fl-d"/>
      </object_component>
      <object_component id="oc-1e6">
         <name>.debug_info</name>
         <load_address>0x7e07</load_address>
         <run_address>0x7e07</run_address>
         <size>0x156</size>
         <input_file_ref idref="fl-d"/>
      </object_component>
      <object_component id="oc-150">
         <name>.debug_info</name>
         <load_address>0x7f5d</load_address>
         <run_address>0x7f5d</run_address>
         <size>0x286</size>
         <input_file_ref idref="fl-d"/>
      </object_component>
      <object_component id="oc-14a">
         <name>.debug_info</name>
         <load_address>0x81e3</load_address>
         <run_address>0x81e3</run_address>
         <size>0x2e4</size>
         <input_file_ref idref="fl-d"/>
      </object_component>
      <object_component id="oc-ca">
         <name>.debug_info</name>
         <load_address>0x84c7</load_address>
         <run_address>0x84c7</run_address>
         <size>0x2be</size>
         <input_file_ref idref="fl-d"/>
      </object_component>
      <object_component id="oc-2cb">
         <name>.debug_info</name>
         <load_address>0x8785</load_address>
         <run_address>0x8785</run_address>
         <size>0x51</size>
         <input_file_ref idref="fl-d"/>
      </object_component>
      <object_component id="oc-1ef">
         <name>.debug_info</name>
         <load_address>0x87d6</load_address>
         <run_address>0x87d6</run_address>
         <size>0x346</size>
         <input_file_ref idref="fl-e"/>
      </object_component>
      <object_component id="oc-d0">
         <name>.debug_info</name>
         <load_address>0x8b1c</load_address>
         <run_address>0x8b1c</run_address>
         <size>0x26a</size>
         <input_file_ref idref="fl-e"/>
      </object_component>
      <object_component id="oc-16e">
         <name>.debug_info</name>
         <load_address>0x8d86</load_address>
         <run_address>0x8d86</run_address>
         <size>0x280</size>
         <input_file_ref idref="fl-e"/>
      </object_component>
      <object_component id="oc-162">
         <name>.debug_info</name>
         <load_address>0x9006</load_address>
         <run_address>0x9006</run_address>
         <size>0x230</size>
         <input_file_ref idref="fl-e"/>
      </object_component>
      <object_component id="oc-168">
         <name>.debug_info</name>
         <load_address>0x9236</load_address>
         <run_address>0x9236</run_address>
         <size>0x22a</size>
         <input_file_ref idref="fl-e"/>
      </object_component>
      <object_component id="oc-282">
         <name>.debug_info</name>
         <load_address>0x9460</load_address>
         <run_address>0x9460</run_address>
         <size>0x21b</size>
         <input_file_ref idref="fl-f"/>
      </object_component>
      <object_component id="oc-1fc">
         <name>.debug_info</name>
         <load_address>0x967b</load_address>
         <run_address>0x967b</run_address>
         <size>0x14c</size>
         <input_file_ref idref="fl-c5"/>
      </object_component>
      <object_component id="oc-206">
         <name>.debug_info</name>
         <load_address>0x97c7</load_address>
         <run_address>0x97c7</run_address>
         <size>0x13a</size>
         <input_file_ref idref="fl-c6"/>
      </object_component>
      <object_component id="oc-201">
         <name>.debug_info</name>
         <load_address>0x9901</load_address>
         <run_address>0x9901</run_address>
         <size>0x13a</size>
         <input_file_ref idref="fl-c7"/>
      </object_component>
      <object_component id="oc-20c">
         <name>.debug_info</name>
         <load_address>0x9a3b</load_address>
         <run_address>0x9a3b</run_address>
         <size>0x12e</size>
         <input_file_ref idref="fl-c8"/>
      </object_component>
      <object_component id="oc-1f1">
         <name>.debug_info</name>
         <load_address>0x9b69</load_address>
         <run_address>0x9b69</run_address>
         <size>0x12c</size>
         <input_file_ref idref="fl-c9"/>
      </object_component>
      <object_component id="oc-8e">
         <name>.debug_info</name>
         <load_address>0x9c95</load_address>
         <run_address>0x9c95</run_address>
         <size>0x2d4</size>
         <input_file_ref idref="fl-ca"/>
      </object_component>
      <object_component id="oc-49">
         <name>.debug_info</name>
         <load_address>0x9f69</load_address>
         <run_address>0x9f69</run_address>
         <size>0x1d2</size>
         <input_file_ref idref="fl-ca"/>
      </object_component>
      <object_component id="oc-89">
         <name>.debug_info</name>
         <load_address>0xa13b</load_address>
         <run_address>0xa13b</run_address>
         <size>0x46</size>
         <input_file_ref idref="fl-ca"/>
      </object_component>
      <object_component id="oc-c0">
         <name>.debug_info</name>
         <load_address>0xa181</load_address>
         <run_address>0xa181</run_address>
         <size>0x2c</size>
         <input_file_ref idref="fl-ca"/>
      </object_component>
      <object_component id="oc-46">
         <name>.debug_info</name>
         <load_address>0xa1ad</load_address>
         <run_address>0xa1ad</run_address>
         <size>0x2a8</size>
         <input_file_ref idref="fl-cb"/>
      </object_component>
      <object_component id="oc-1f">
         <name>.debug_info</name>
         <load_address>0xa455</load_address>
         <run_address>0xa455</run_address>
         <size>0x1ea</size>
         <input_file_ref idref="fl-cb"/>
      </object_component>
      <object_component id="oc-41">
         <name>.debug_info</name>
         <load_address>0xa63f</load_address>
         <run_address>0xa63f</run_address>
         <size>0x46</size>
         <input_file_ref idref="fl-cb"/>
      </object_component>
      <object_component id="oc-81">
         <name>.debug_info</name>
         <load_address>0xa685</load_address>
         <run_address>0xa685</run_address>
         <size>0x2c</size>
         <input_file_ref idref="fl-cb"/>
      </object_component>
      <object_component id="oc-7f">
         <name>.debug_info</name>
         <load_address>0xa6b1</load_address>
         <run_address>0xa6b1</run_address>
         <size>0x29e</size>
         <input_file_ref idref="fl-cc"/>
      </object_component>
      <object_component id="oc-18">
         <name>.debug_info</name>
         <load_address>0xa94f</load_address>
         <run_address>0xa94f</run_address>
         <size>0x250</size>
         <input_file_ref idref="fl-cc"/>
      </object_component>
      <object_component id="oc-31">
         <name>.debug_info</name>
         <load_address>0xab9f</load_address>
         <run_address>0xab9f</run_address>
         <size>0x60</size>
         <input_file_ref idref="fl-cc"/>
      </object_component>
      <object_component id="oc-b9">
         <name>.debug_info</name>
         <load_address>0xabff</load_address>
         <run_address>0xabff</run_address>
         <size>0x46</size>
         <input_file_ref idref="fl-cc"/>
      </object_component>
      <object_component id="oc-7a">
         <name>.debug_info</name>
         <load_address>0xac45</load_address>
         <run_address>0xac45</run_address>
         <size>0x39</size>
         <input_file_ref idref="fl-cc"/>
      </object_component>
      <object_component id="oc-2c0">
         <name>.debug_info</name>
         <load_address>0xac7e</load_address>
         <run_address>0xac7e</run_address>
         <size>0xfb</size>
         <input_file_ref idref="fl-cd"/>
      </object_component>
      <object_component id="oc-1f6">
         <name>.debug_info</name>
         <load_address>0xad79</load_address>
         <run_address>0xad79</run_address>
         <size>0x13d</size>
         <input_file_ref idref="fl-cd"/>
      </object_component>
      <object_component id="oc-25">
         <name>.debug_info</name>
         <load_address>0xaeb6</load_address>
         <run_address>0xaeb6</run_address>
         <size>0x10b</size>
         <input_file_ref idref="fl-ce"/>
      </object_component>
      <object_component id="oc-5b">
         <name>.debug_info</name>
         <load_address>0xafc1</load_address>
         <run_address>0xafc1</run_address>
         <size>0x1a9</size>
         <input_file_ref idref="fl-ce"/>
      </object_component>
      <object_component id="oc-3c">
         <name>.debug_info</name>
         <load_address>0xb16a</load_address>
         <run_address>0xb16a</run_address>
         <size>0x119</size>
         <input_file_ref idref="fl-cf"/>
      </object_component>
      <object_component id="oc-29b">
         <name>.debug_info</name>
         <load_address>0xb283</load_address>
         <run_address>0xb283</run_address>
         <size>0x4b3</size>
         <input_file_ref idref="fl-d1"/>
      </object_component>
      <object_component id="oc-1b2">
         <name>.debug_info</name>
         <load_address>0xb736</load_address>
         <run_address>0xb736</run_address>
         <size>0x1a6</size>
         <input_file_ref idref="fl-d1"/>
      </object_component>
      <object_component id="oc-2f9">
         <name>.debug_info</name>
         <load_address>0xb8dc</load_address>
         <run_address>0xb8dc</run_address>
         <size>0x39</size>
         <input_file_ref idref="fl-d1"/>
      </object_component>
      <object_component id="oc-317">
         <name>.debug_info</name>
         <load_address>0xb915</load_address>
         <run_address>0xb915</run_address>
         <size>0x39</size>
         <input_file_ref idref="fl-d1"/>
      </object_component>
      <object_component id="oc-2fe">
         <name>.debug_info</name>
         <load_address>0xb94e</load_address>
         <run_address>0xb94e</run_address>
         <size>0x39</size>
         <input_file_ref idref="fl-d1"/>
      </object_component>
      <object_component id="oc-303">
         <name>.debug_info</name>
         <load_address>0xb987</load_address>
         <run_address>0xb987</run_address>
         <size>0xcd</size>
         <input_file_ref idref="fl-d1"/>
      </object_component>
      <object_component id="oc-99">
         <name>.debug_info</name>
         <load_address>0xba54</load_address>
         <run_address>0xba54</run_address>
         <size>0x153</size>
         <input_file_ref idref="fl-d2"/>
      </object_component>
      <object_component id="oc-1a9">
         <name>.debug_info</name>
         <load_address>0xbba7</load_address>
         <run_address>0xbba7</run_address>
         <size>0x122</size>
         <input_file_ref idref="fl-d4"/>
      </object_component>
      <object_component id="oc-2f3">
         <name>.debug_info</name>
         <load_address>0xbcc9</load_address>
         <run_address>0xbcc9</run_address>
         <size>0x2c9</size>
         <input_file_ref idref="fl-d5"/>
      </object_component>
      <object_component id="oc-295">
         <name>.debug_info</name>
         <load_address>0xbf92</load_address>
         <run_address>0xbf92</run_address>
         <size>0x11e</size>
         <input_file_ref idref="fl-d5"/>
      </object_component>
      <object_component id="oc-2ec">
         <name>.debug_info</name>
         <load_address>0xc0b0</load_address>
         <run_address>0xc0b0</run_address>
         <size>0x12e</size>
         <input_file_ref idref="fl-d5"/>
      </object_component>
      <object_component id="oc-353">
         <name>.debug_info</name>
         <load_address>0xc1de</load_address>
         <run_address>0xc1de</run_address>
         <size>0x99</size>
      </object_component>
      <object_component id="oc-1e4">
         <name>.debug_line</name>
         <load_address>0x0</load_address>
         <run_address>0x0</run_address>
         <size>0x130</size>
         <input_file_ref idref="fl-2"/>
      </object_component>
      <object_component id="oc-211">
         <name>.debug_line</name>
         <load_address>0x130</load_address>
         <run_address>0x130</run_address>
         <size>0x2d</size>
         <input_file_ref idref="fl-2"/>
      </object_component>
      <object_component id="oc-229">
         <name>.debug_line</name>
         <load_address>0x15d</load_address>
         <run_address>0x15d</run_address>
         <size>0x2d</size>
         <input_file_ref idref="fl-2"/>
      </object_component>
      <object_component id="oc-224">
         <name>.debug_line</name>
         <load_address>0x18a</load_address>
         <run_address>0x18a</run_address>
         <size>0x2d</size>
         <input_file_ref idref="fl-2"/>
      </object_component>
      <object_component id="oc-255">
         <name>.debug_line</name>
         <load_address>0x1b7</load_address>
         <run_address>0x1b7</run_address>
         <size>0x2d</size>
         <input_file_ref idref="fl-2"/>
      </object_component>
      <object_component id="oc-22b">
         <name>.debug_line</name>
         <load_address>0x1e4</load_address>
         <run_address>0x1e4</run_address>
         <size>0x2d</size>
         <input_file_ref idref="fl-2"/>
      </object_component>
      <object_component id="oc-22d">
         <name>.debug_line</name>
         <load_address>0x211</load_address>
         <run_address>0x211</run_address>
         <size>0x2d</size>
         <input_file_ref idref="fl-2"/>
      </object_component>
      <object_component id="oc-218">
         <name>.debug_line</name>
         <load_address>0x23e</load_address>
         <run_address>0x23e</run_address>
         <size>0x2d</size>
         <input_file_ref idref="fl-2"/>
      </object_component>
      <object_component id="oc-231">
         <name>.debug_line</name>
         <load_address>0x26b</load_address>
         <run_address>0x26b</run_address>
         <size>0x2d</size>
         <input_file_ref idref="fl-2"/>
      </object_component>
      <object_component id="oc-22f">
         <name>.debug_line</name>
         <load_address>0x298</load_address>
         <run_address>0x298</run_address>
         <size>0x2d</size>
         <input_file_ref idref="fl-2"/>
      </object_component>
      <object_component id="oc-21a">
         <name>.debug_line</name>
         <load_address>0x2c5</load_address>
         <run_address>0x2c5</run_address>
         <size>0x2d</size>
         <input_file_ref idref="fl-2"/>
      </object_component>
      <object_component id="oc-235">
         <name>.debug_line</name>
         <load_address>0x2f2</load_address>
         <run_address>0x2f2</run_address>
         <size>0x2d</size>
         <input_file_ref idref="fl-2"/>
      </object_component>
      <object_component id="oc-233">
         <name>.debug_line</name>
         <load_address>0x31f</load_address>
         <run_address>0x31f</run_address>
         <size>0x2d</size>
         <input_file_ref idref="fl-2"/>
      </object_component>
      <object_component id="oc-21c">
         <name>.debug_line</name>
         <load_address>0x34c</load_address>
         <run_address>0x34c</run_address>
         <size>0x2d</size>
         <input_file_ref idref="fl-2"/>
      </object_component>
      <object_component id="oc-237">
         <name>.debug_line</name>
         <load_address>0x379</load_address>
         <run_address>0x379</run_address>
         <size>0x2d</size>
         <input_file_ref idref="fl-2"/>
      </object_component>
      <object_component id="oc-239">
         <name>.debug_line</name>
         <load_address>0x3a6</load_address>
         <run_address>0x3a6</run_address>
         <size>0x2d</size>
         <input_file_ref idref="fl-2"/>
      </object_component>
      <object_component id="oc-23b">
         <name>.debug_line</name>
         <load_address>0x3d3</load_address>
         <run_address>0x3d3</run_address>
         <size>0x2d</size>
         <input_file_ref idref="fl-2"/>
      </object_component>
      <object_component id="oc-21e">
         <name>.debug_line</name>
         <load_address>0x400</load_address>
         <run_address>0x400</run_address>
         <size>0x2d</size>
         <input_file_ref idref="fl-2"/>
      </object_component>
      <object_component id="oc-243">
         <name>.debug_line</name>
         <load_address>0x42d</load_address>
         <run_address>0x42d</run_address>
         <size>0x2d</size>
         <input_file_ref idref="fl-2"/>
      </object_component>
      <object_component id="oc-241">
         <name>.debug_line</name>
         <load_address>0x45a</load_address>
         <run_address>0x45a</run_address>
         <size>0x2d</size>
         <input_file_ref idref="fl-2"/>
      </object_component>
      <object_component id="oc-257">
         <name>.debug_line</name>
         <load_address>0x487</load_address>
         <run_address>0x487</run_address>
         <size>0x2d</size>
         <input_file_ref idref="fl-2"/>
      </object_component>
      <object_component id="oc-23d">
         <name>.debug_line</name>
         <load_address>0x4b4</load_address>
         <run_address>0x4b4</run_address>
         <size>0x2d</size>
         <input_file_ref idref="fl-2"/>
      </object_component>
      <object_component id="oc-23f">
         <name>.debug_line</name>
         <load_address>0x4e1</load_address>
         <run_address>0x4e1</run_address>
         <size>0x2d</size>
         <input_file_ref idref="fl-2"/>
      </object_component>
      <object_component id="oc-220">
         <name>.debug_line</name>
         <load_address>0x50e</load_address>
         <run_address>0x50e</run_address>
         <size>0x2d</size>
         <input_file_ref idref="fl-2"/>
      </object_component>
      <object_component id="oc-24b">
         <name>.debug_line</name>
         <load_address>0x53b</load_address>
         <run_address>0x53b</run_address>
         <size>0x2d</size>
         <input_file_ref idref="fl-2"/>
      </object_component>
      <object_component id="oc-249">
         <name>.debug_line</name>
         <load_address>0x568</load_address>
         <run_address>0x568</run_address>
         <size>0x2d</size>
         <input_file_ref idref="fl-2"/>
      </object_component>
      <object_component id="oc-28d">
         <name>.debug_line</name>
         <load_address>0x595</load_address>
         <run_address>0x595</run_address>
         <size>0x2d</size>
         <input_file_ref idref="fl-2"/>
      </object_component>
      <object_component id="oc-245">
         <name>.debug_line</name>
         <load_address>0x5c2</load_address>
         <run_address>0x5c2</run_address>
         <size>0x2d</size>
         <input_file_ref idref="fl-2"/>
      </object_component>
      <object_component id="oc-247">
         <name>.debug_line</name>
         <load_address>0x5ef</load_address>
         <run_address>0x5ef</run_address>
         <size>0x2d</size>
         <input_file_ref idref="fl-2"/>
      </object_component>
      <object_component id="oc-222">
         <name>.debug_line</name>
         <load_address>0x61c</load_address>
         <run_address>0x61c</run_address>
         <size>0x2d</size>
         <input_file_ref idref="fl-2"/>
      </object_component>
      <object_component id="oc-253">
         <name>.debug_line</name>
         <load_address>0x649</load_address>
         <run_address>0x649</run_address>
         <size>0x2d</size>
         <input_file_ref idref="fl-2"/>
      </object_component>
      <object_component id="oc-251">
         <name>.debug_line</name>
         <load_address>0x676</load_address>
         <run_address>0x676</run_address>
         <size>0x2d</size>
         <input_file_ref idref="fl-2"/>
      </object_component>
      <object_component id="oc-28f">
         <name>.debug_line</name>
         <load_address>0x6a3</load_address>
         <run_address>0x6a3</run_address>
         <size>0x2d</size>
         <input_file_ref idref="fl-2"/>
      </object_component>
      <object_component id="oc-24d">
         <name>.debug_line</name>
         <load_address>0x6d0</load_address>
         <run_address>0x6d0</run_address>
         <size>0x2d</size>
         <input_file_ref idref="fl-2"/>
      </object_component>
      <object_component id="oc-24f">
         <name>.debug_line</name>
         <load_address>0x6fd</load_address>
         <run_address>0x6fd</run_address>
         <size>0x2d</size>
         <input_file_ref idref="fl-2"/>
      </object_component>
      <object_component id="oc-9f">
         <name>.debug_line</name>
         <load_address>0x72a</load_address>
         <run_address>0x72a</run_address>
         <size>0x2f6</size>
         <input_file_ref idref="fl-2"/>
      </object_component>
      <object_component id="oc-215">
         <name>.debug_line</name>
         <load_address>0xa20</load_address>
         <run_address>0xa20</run_address>
         <size>0x2d</size>
         <input_file_ref idref="fl-2"/>
      </object_component>
      <object_component id="oc-73">
         <name>.debug_line</name>
         <load_address>0xa4d</load_address>
         <run_address>0xa4d</run_address>
         <size>0x6f</size>
         <input_file_ref idref="fl-2"/>
      </object_component>
      <object_component id="oc-b5">
         <name>.debug_line</name>
         <load_address>0xabc</load_address>
         <run_address>0xabc</run_address>
         <size>0x20</size>
         <input_file_ref idref="fl-2"/>
      </object_component>
      <object_component id="oc-b0">
         <name>.debug_line</name>
         <load_address>0xadc</load_address>
         <run_address>0xadc</run_address>
         <size>0x73</size>
         <input_file_ref idref="fl-2"/>
      </object_component>
      <object_component id="oc-78">
         <name>.debug_line</name>
         <load_address>0xb4f</load_address>
         <run_address>0xb4f</run_address>
         <size>0x70</size>
         <input_file_ref idref="fl-2"/>
      </object_component>
      <object_component id="oc-313">
         <name>.debug_line</name>
         <load_address>0xbbf</load_address>
         <run_address>0xbbf</run_address>
         <size>0x56</size>
         <input_file_ref idref="fl-3"/>
      </object_component>
      <object_component id="oc-2e7">
         <name>.debug_line</name>
         <load_address>0xc15</load_address>
         <run_address>0xc15</run_address>
         <size>0x32</size>
         <input_file_ref idref="fl-3"/>
      </object_component>
      <object_component id="oc-19b">
         <name>.debug_line</name>
         <load_address>0xc47</load_address>
         <run_address>0xc47</run_address>
         <size>0xfe</size>
         <input_file_ref idref="fl-3"/>
      </object_component>
      <object_component id="oc-39">
         <name>.debug_line</name>
         <load_address>0xd45</load_address>
         <run_address>0xd45</run_address>
         <size>0x20</size>
         <input_file_ref idref="fl-3"/>
      </object_component>
      <object_component id="oc-da">
         <name>.debug_line</name>
         <load_address>0xd65</load_address>
         <run_address>0xd65</run_address>
         <size>0x46</size>
         <input_file_ref idref="fl-4"/>
      </object_component>
      <object_component id="oc-6f">
         <name>.debug_line</name>
         <load_address>0xdab</load_address>
         <run_address>0xdab</run_address>
         <size>0x41</size>
         <input_file_ref idref="fl-5"/>
      </object_component>
      <object_component id="oc-2e">
         <name>.debug_line</name>
         <load_address>0xdec</load_address>
         <run_address>0xdec</run_address>
         <size>0x41</size>
         <input_file_ref idref="fl-5"/>
      </object_component>
      <object_component id="oc-28">
         <name>.debug_line</name>
         <load_address>0xe2d</load_address>
         <run_address>0xe2d</run_address>
         <size>0xa1</size>
         <input_file_ref idref="fl-5"/>
      </object_component>
      <object_component id="oc-2c8">
         <name>.debug_line</name>
         <load_address>0xece</load_address>
         <run_address>0xece</run_address>
         <size>0x82</size>
         <input_file_ref idref="fl-b"/>
      </object_component>
      <object_component id="oc-30f">
         <name>.debug_line</name>
         <load_address>0xf50</load_address>
         <run_address>0xf50</run_address>
         <size>0x7d</size>
         <input_file_ref idref="fl-b"/>
      </object_component>
      <object_component id="oc-311">
         <name>.debug_line</name>
         <load_address>0xfcd</load_address>
         <run_address>0xfcd</run_address>
         <size>0x7d</size>
         <input_file_ref idref="fl-b"/>
      </object_component>
      <object_component id="oc-15f">
         <name>.debug_line</name>
         <load_address>0x104a</load_address>
         <run_address>0x104a</run_address>
         <size>0x92</size>
         <input_file_ref idref="fl-b"/>
      </object_component>
      <object_component id="oc-266">
         <name>.debug_line</name>
         <load_address>0x10dc</load_address>
         <run_address>0x10dc</run_address>
         <size>0x95</size>
         <input_file_ref idref="fl-b"/>
      </object_component>
      <object_component id="oc-25f">
         <name>.debug_line</name>
         <load_address>0x1171</load_address>
         <run_address>0x1171</run_address>
         <size>0xc4</size>
         <input_file_ref idref="fl-b"/>
      </object_component>
      <object_component id="oc-159">
         <name>.debug_line</name>
         <load_address>0x1235</load_address>
         <run_address>0x1235</run_address>
         <size>0x99</size>
         <input_file_ref idref="fl-b"/>
      </object_component>
      <object_component id="oc-177">
         <name>.debug_line</name>
         <load_address>0x12ce</load_address>
         <run_address>0x12ce</run_address>
         <size>0x99</size>
         <input_file_ref idref="fl-b"/>
      </object_component>
      <object_component id="oc-278">
         <name>.debug_line</name>
         <load_address>0x1367</load_address>
         <run_address>0x1367</run_address>
         <size>0xa6</size>
         <input_file_ref idref="fl-b"/>
      </object_component>
      <object_component id="oc-17d">
         <name>.debug_line</name>
         <load_address>0x140d</load_address>
         <run_address>0x140d</run_address>
         <size>0x95</size>
         <input_file_ref idref="fl-b"/>
      </object_component>
      <object_component id="oc-f7">
         <name>.debug_line</name>
         <load_address>0x14a2</load_address>
         <run_address>0x14a2</run_address>
         <size>0x92</size>
         <input_file_ref idref="fl-b"/>
      </object_component>
      <object_component id="oc-183">
         <name>.debug_line</name>
         <load_address>0x1534</load_address>
         <run_address>0x1534</run_address>
         <size>0x99</size>
         <input_file_ref idref="fl-b"/>
      </object_component>
      <object_component id="oc-189">
         <name>.debug_line</name>
         <load_address>0x15cd</load_address>
         <run_address>0x15cd</run_address>
         <size>0x92</size>
         <input_file_ref idref="fl-b"/>
      </object_component>
      <object_component id="oc-fd">
         <name>.debug_line</name>
         <load_address>0x165f</load_address>
         <run_address>0x165f</run_address>
         <size>0x92</size>
         <input_file_ref idref="fl-b"/>
      </object_component>
      <object_component id="oc-2bc">
         <name>.debug_line</name>
         <load_address>0x16f1</load_address>
         <run_address>0x16f1</run_address>
         <size>0x71</size>
         <input_file_ref idref="fl-b"/>
      </object_component>
      <object_component id="oc-2b5">
         <name>.debug_line</name>
         <load_address>0x1762</load_address>
         <run_address>0x1762</run_address>
         <size>0x75</size>
         <input_file_ref idref="fl-b"/>
      </object_component>
      <object_component id="oc-2d2">
         <name>.debug_line</name>
         <load_address>0x17d7</load_address>
         <run_address>0x17d7</run_address>
         <size>0x71</size>
         <input_file_ref idref="fl-b"/>
      </object_component>
      <object_component id="oc-1ec">
         <name>.debug_line</name>
         <load_address>0x1848</load_address>
         <run_address>0x1848</run_address>
         <size>0x72</size>
         <input_file_ref idref="fl-b"/>
      </object_component>
      <object_component id="oc-2e4">
         <name>.debug_line</name>
         <load_address>0x18ba</load_address>
         <run_address>0x18ba</run_address>
         <size>0x7c</size>
         <input_file_ref idref="fl-c"/>
      </object_component>
      <object_component id="oc-2e2">
         <name>.debug_line</name>
         <load_address>0x1936</load_address>
         <run_address>0x1936</run_address>
         <size>0x82</size>
         <input_file_ref idref="fl-c"/>
      </object_component>
      <object_component id="oc-30d">
         <name>.debug_line</name>
         <load_address>0x19b8</load_address>
         <run_address>0x19b8</run_address>
         <size>0x82</size>
         <input_file_ref idref="fl-c"/>
      </object_component>
      <object_component id="oc-26f">
         <name>.debug_line</name>
         <load_address>0x1a3a</load_address>
         <run_address>0x1a3a</run_address>
         <size>0xaf</size>
         <input_file_ref idref="fl-c"/>
      </object_component>
      <object_component id="oc-195">
         <name>.debug_line</name>
         <load_address>0x1ae9</load_address>
         <run_address>0x1ae9</run_address>
         <size>0x97</size>
         <input_file_ref idref="fl-c"/>
      </object_component>
      <object_component id="oc-18f">
         <name>.debug_line</name>
         <load_address>0x1b80</load_address>
         <run_address>0x1b80</run_address>
         <size>0xc2</size>
         <input_file_ref idref="fl-c"/>
      </object_component>
      <object_component id="oc-2ca">
         <name>.debug_line</name>
         <load_address>0x1c42</load_address>
         <run_address>0x1c42</run_address>
         <size>0x13d</size>
         <input_file_ref idref="fl-d"/>
      </object_component>
      <object_component id="oc-2b1">
         <name>.debug_line</name>
         <load_address>0x1d7f</load_address>
         <run_address>0x1d7f</run_address>
         <size>0x7f</size>
[...]
         <usage_details>
            <allocated_space>
               <start_address>0x20000000</start_address>
               <size>0x0</size>
               <logical_group_ref idref="lg-325"/>
            </allocated_space>
            <allocated_space>
               <start_address>0x20000000</start_address>
               <size>0x26c</size>
               <logical_group_ref idref="lg-9"/>
            </allocated_space>
            <allocated_space>
               <start_address>0x2000026c</start_address>
               <size>0x308</size>
               <logical_group_ref idref="lg-a"/>
            </allocated_space>
            <available_space>
               <start_address>0x20000574</start_address>
               <size>0x4</size>
            </available_space>
            <allocated_space>
               <start_address>0x20000578</start_address>
               <size>0x200</size>
               <logical_group_ref idref="lg-d"/>
            </allocated_space>
            <allocated_space>
               <start_address>0x20000778</start_address>
               <size>0x6</size>
               <logical_group_ref idref="lg-b"/>
            </allocated_space>
            <available_space>
               <start_address>0x2000077e</start_address>
               <size>0x7882</size>
            </available_space>
         </usage_details>
      </memory_area>
   </placement_map>
   <cptbl_list>
      <cptbl>
         <name>__TI_cinit_table</name>
         <cprec>
            <name>.data</name>
            <load_address>0x1ce0</load_address>
            <load_size>0xeb</load_size>
            <run_address>0x2000026c</run_address>
            <run_size>0x308</run_size>
            <compression>lzss</compression>
         </cprec>
         <cprec>
            <name>.bss</name>
            <load_address>0x1dd8</load_address>
            <load_size>0x8</load_size>
            <run_address>0x20000778</run_address>
            <run_size>0x6</run_size>
            <compression>zero_init</compression>
         </cprec>
         <cprec>
            <name>.vtable</name>
            <load_address>0x1de0</load_address>
            <load_size>0x8</load_size>
            <run_address>0x20000000</run_address>
            <run_size>0x26c</run_size>
            <compression>zero_init</compression>
         </cprec>
      </cptbl>
   </cptbl_list>
   <handler_table>
      <handler_table_name>__TI_handler_table</handler_table_name>
      <handler>
         <index>0x0</index>
         <name>__TI_zero_init</name>
      </handler>
      <handler>
         <index>0x1</index>
         <name>__TI_decompress_lzss</name>
      </handler>
      <handler>
         <index>0x2</index>
         <name>__TI_decompress_none</name>
      </handler>
   </handler_table>
   <symbol_table>
      <symbol id="sm-1">
         <name>__STACK_TOP</name>
         <value>0x20000778</value>
      </symbol>
      <symbol id="sm-2">
         <name>__start___llvm_prf_cnts</name>
         <value>0x20000000</value>
      </symbol>
      <symbol id="sm-3">
         <name>__stop___llvm_prf_cnts</name>
         <value>0x20000000</value>
      </symbol>
      <symbol id="sm-4">
         <name>__TI_CINIT_Base</name>
         <value>0x1de8</value>
      </symbol>
      <symbol id="sm-5">
         <name>__TI_CINIT_Limit</name>
         <value>0x1e00</value>
      </symbol>
      <symbol id="sm-6">
         <name>__TI_Handler_Table_Base</name>
         <value>0x1dcc</value>
      </symbol>
      <symbol id="sm-7">
         <name>__TI_Handler_Table_Limit</name>
         <value>0x1dd8</value>
      </symbol>
      <symbol id="sm-8">
         <name>binit</name>
         <value>0xffffffff</value>
      </symbol>
      <symbol id="sm-9">
         <name>__binit__</name>
         <value>0xffffffff</value>
      </symbol>
      <symbol id="sm-a">
         <name>__STACK_SIZE</name>
         <value>0x200</value>
      </symbol>
      <symbol id="sm-b">
         <name>__STACK_END</name>
         <value>0x20000778</value>
      </symbol>
      <symbol id="sm-c">
         <name>__c_args__</name>
         <value>0xffffffff</value>
      </symbol>
      <symbol id="sm-d">
         <name>__TI_pprof_out_hndl</name>
         <value>0xffffffff</value>
      </symbol>
      <symbol id="sm-e">
         <name>__TI_prof_data_start</name>
         <value>0xffffffff</value>
      </symbol>
      <symbol id="sm-f">
         <name>__TI_prof_data_size</name>
         <value>0xffffffff</value>
      </symbol>
      <symbol id="sm-1ec">
         <name>current</name>
         <value>0x20000778</value>
      </symbol>
      <symbol id="sm-1ed">
         <name>K_chu_S_0</name>
         <value>0x200004c0</value>
         <object_component_ref idref="oc-e1"/>
      </symbol>
      <symbol id="sm-1ee">
         <name>K_chu_S_1</name>
         <value>0x200004cc</value>
         <object_component_ref idref="oc-113"/>
      </symbol>
      <symbol id="sm-1ef">
         <name>K_chu_O_right</name>
         <value>0x200004b4</value>
         <object_component_ref idref="oc-107"/>
      </symbol>
      <symbol id="sm-1f0">
         <name>SysTickIntHandler</name>
         <value>0x26d</value>
         <object_component_ref idref="oc-9b"/>
      </symbol>
      <symbol id="sm-1f1">
         <name>K_chu_L_1_right</name>
         <value>0x20000478</value>
         <object_component_ref idref="oc-131"/>
      </symbol>
      <symbol id="sm-1f2">
         <name>K_chu_J_0</name>
         <value>0x20000418</value>
         <object_component_ref idref="oc-e7"/>
      </symbol>
      <symbol id="sm-1f3">
         <name>K_chu_J_1</name>
         <value>0x20000424</value>
         <object_component_ref idref="oc-128"/>
      </symbol>
      <symbol id="sm-1f4">
         <name>K_chu_J_2</name>
         <value>0x2000043c</value>
         <object_component_ref idref="oc-146"/>
      </symbol>
      <symbol id="sm-1f5">
         <name>K_chu_J_3</name>
         <value>0x20000448</value>
         <object_component_ref idref="oc-11f"/>
      </symbol>
      <symbol id="sm-1f6">
         <name>dichTrai</name>
         <value>0x20000564</value>
         <object_component_ref idref="oc-db"/>
      </symbol>
      <symbol id="sm-1f7">
         <name>K_chu_I_1_left</name>
         <value>0x20000400</value>
         <object_component_ref idref="oc-119"/>
      </symbol>
      <symbol id="sm-1f8">
         <name>gameOver</name>
         <value>0xb95</value>
         <object_component_ref idref="oc-9b"/>
      </symbol>
      <symbol id="sm-1f9">
         <name>K_chu_I_1_right</name>
         <value>0x2000040c</value>
         <object_component_ref idref="oc-11c"/>
      </symbol>
      <symbol id="sm-1fa">
         <name>lowest_row</name>
         <value>0x20000560</value>
         <object_component_ref idref="oc-db"/>
      </symbol>
      <symbol id="sm-1fb">
         <name>K_chu_I_0</name>
         <value>0x200003e8</value>
         <object_component_ref idref="oc-e4"/>
      </symbol>
      <symbol id="sm-1fc">
         <name>K_chu_I_1</name>
         <value>0x200003f4</value>
         <object_component_ref idref="oc-116"/>
      </symbol>
      <symbol id="sm-1fd">
         <name>K_chu_T_3_left</name>
         <value>0x20000520</value>
         <object_component_ref idref="oc-13a"/>
      </symbol>
      <symbol id="sm-1fe">
         <name>MD</name>
         <value>0x20000380</value>
         <object_component_ref idref="oc-ff"/>
      </symbol>
      <symbol id="sm-1ff">
         <name>K_chu_T_1_right</name>
         <value>0x200004fc</value>
         <object_component_ref idref="oc-13d"/>
      </symbol>
      <symbol id="sm-200">
         <name>K_chu_S_1_right</name>
         <value>0x200004d8</value>
         <object_component_ref idref="oc-110"/>
      </symbol>
      <symbol id="sm-201">
         <name>main</name>
         <value>0x995</value>
         <object_component_ref idref="oc-9b"/>
      </symbol>
      <symbol id="sm-202">
         <name>GPIO_ISR</name>
         <value>0x409</value>
         <object_component_ref idref="oc-9b"/>
      </symbol>
      <symbol id="sm-203">
         <name>K_chu_Z_0</name>
         <value>0x2000052c</value>
         <object_component_ref idref="oc-de"/>
      </symbol>
      <symbol id="sm-204">
         <name>K_chu_Z_1</name>
         <value>0x20000538</value>
         <object_component_ref idref="oc-10d"/>
      </symbol>
      <symbol id="sm-205">
         <name>K_chu_L_3_left</name>
         <value>0x2000049c</value>
         <object_component_ref idref="oc-12e"/>
      </symbol>
      <symbol id="sm-206">
         <name>status</name>
         <value>0x2000055c</value>
         <object_component_ref idref="oc-db"/>
      </symbol>
      <symbol id="sm-207">
         <name>K_chu_Z_1_right</name>
         <value>0x20000544</value>
         <object_component_ref idref="oc-10a"/>
      </symbol>
      <symbol id="sm-208">
         <name>K_chu_L_0</name>
         <value>0x20000460</value>
         <object_component_ref idref="oc-ea"/>
      </symbol>
      <symbol id="sm-209">
         <name>K_chu_L_1</name>
         <value>0x2000046c</value>
         <object_component_ref idref="oc-134"/>
      </symbol>
      <symbol id="sm-20a">
         <name>K_chu_L_2</name>
         <value>0x20000484</value>
         <object_component_ref idref="oc-19e"/>
      </symbol>
      <symbol id="sm-20b">
         <name>K_chu_L_3</name>
         <value>0x20000490</value>
         <object_component_ref idref="oc-12b"/>
      </symbol>
      <symbol id="sm-20c">
         <name>K_chu_J_1_right</name>
         <value>0x20000430</value>
         <object_component_ref idref="oc-125"/>
      </symbol>
      <symbol id="sm-20d">
         <name>K_chu_J_3_left</name>
         <value>0x20000454</value>
         <object_component_ref idref="oc-122"/>
      </symbol>
      <symbol id="sm-20e">
         <name>OVER</name>
         <value>0x2000026c</value>
         <object_component_ref idref="oc-f0"/>
      </symbol>
      <symbol id="sm-20f">
         <name>TURN</name>
         <value>0x20000550</value>
         <object_component_ref idref="oc-143"/>
      </symbol>
      <symbol id="sm-210">
         <name>K_chu_T_0</name>
         <value>0x200004e4</value>
         <object_component_ref idref="oc-ed"/>
      </symbol>
      <symbol id="sm-211">
         <name>K_chu_T_1</name>
         <value>0x200004f0</value>
         <object_component_ref idref="oc-140"/>
      </symbol>
      <symbol id="sm-212">
         <name>K_chu_T_2</name>
         <value>0x20000508</value>
         <object_component_ref idref="oc-1a1"/>
      </symbol>
      <symbol id="sm-213">
         <name>K_chu_T_3</name>
         <value>0x20000514</value>
         <object_component_ref idref="oc-137"/>
      </symbol>
      <symbol id="sm-214">
         <name>K_chu_O</name>
         <value>0x200004a8</value>
         <object_component_ref idref="oc-103"/>
      </symbol>
      <symbol id="sm-23f">
         <name>outColumn</name>
         <value>0xda5</value>
         <object_component_ref idref="oc-197"/>
      </symbol>
      <symbol id="sm-240">
         <name>outByteYellow</name>
         <value>0xc8d</value>
         <object_component_ref idref="oc-197"/>
      </symbol>
      <symbol id="sm-241">
         <name>scanRowYellow</name>
         <value>0xc59</value>
         <object_component_ref idref="oc-197"/>
      </symbol>
      <symbol id="sm-242">
         <name>GPIO</name>
         <value>0x200003c8</value>
         <object_component_ref idref="oc-288"/>
      </symbol>
      <symbol id="sm-243">
         <name>outByteRed</name>
         <value>0xd33</value>
         <object_component_ref idref="oc-197"/>
      </symbol>
      <symbol id="sm-244">
         <name>scanRowRed</name>
         <value>0xcff</value>
         <object_component_ref idref="oc-197"/>
      </symbol>
      <symbol id="sm-251">
         <name>Getrandom</name>
         <value>0x16ed</value>
         <object_component_ref idref="oc-d5"/>
      </symbol>
      <symbol id="sm-26d">
         <name>ResetISR</name>
         <value>0x1aa1</value>
         <object_component_ref idref="oc-27"/>
      </symbol>
      <symbol id="sm-26e">
         <name>g_pfnVectors</name>
         <value>0x0</value>
         <object_component_ref idref="oc-12"/>
      </symbol>
      <symbol id="sm-2ff">
         <name>GPIOIntRegister</name>
         <value>0x19f7</value>
         <object_component_ref idref="oc-17f"/>
      </symbol>
      <symbol id="sm-300">
         <name>GPIOIntEnable</name>
         <value>0x1a95</value>
         <object_component_ref idref="oc-185"/>
      </symbol>
      <symbol id="sm-301">
         <name>GPIOIntTypeSet</name>
         <value>0x1751</value>
         <object_component_ref idref="oc-179"/>
      </symbol>
      <symbol id="sm-302">
         <name>GPIOPinTypeGPIOInput</name>
         <value>0x1a0f</value>
         <object_component_ref idref="oc-173"/>
      </symbol>
      <symbol id="sm-303">
         <name>GPIOIntClear</name>
         <value>0x1aad</value>
         <object_component_ref idref="oc-f9"/>
      </symbol>
      <symbol id="sm-304">
         <name>GPIOIntStatus</name>
         <value>0x1a6d</value>
         <object_component_ref idref="oc-f3"/>
      </symbol>
      <symbol id="sm-305">
         <name>GPIOPinTypeGPIOOutput</name>
         <value>0x19dd</value>
         <object_component_ref idref="oc-155"/>
      </symbol>
      <symbol id="sm-306">
         <name>GPIODirModeSet</name>
         <value>0x1977</value>
         <object_component_ref idref="oc-261"/>
      </symbol>
      <symbol id="sm-307">
         <name>GPIOPinWrite</name>
         <value>0x1ab3</value>
         <object_component_ref idref="oc-15b"/>
      </symbol>
      <symbol id="sm-308">
         <name>GPIOPadConfigSet</name>
         <value>0xfd5</value>
         <object_component_ref idref="oc-25b"/>
      </symbol>
      <symbol id="sm-342">
         <name>IntEnable</name>
         <value>0x161d</value>
         <object_component_ref idref="oc-18b"/>
      </symbol>
      <symbol id="sm-343">
         <name>IntRegister</name>
         <value>0x1879</value>
         <object_component_ref idref="oc-26b"/>
      </symbol>
      <symbol id="sm-344">
         <name>g_pfnRAMVectors</name>
         <value>0x20000000</value>
         <object_component_ref idref="oc-2d6"/>
      </symbol>
      <symbol id="sm-345">
         <name>IntMasterEnable</name>
         <value>0x1a4d</value>
         <object_component_ref idref="oc-191"/>
      </symbol>
      <symbol id="sm-398">
         <name>SysCtlClockSet</name>
         <value>0x148d</value>
         <object_component_ref idref="oc-149"/>
      </symbol>
      <symbol id="sm-399">
         <name>SysCtlDelay</name>
         <value>0x1ab9</value>
         <object_component_ref idref="oc-19d"/>
      </symbol>
      <symbol id="sm-39a">
         <name>SysCtlPeripheralEnable</name>
         <value>0x18ad</value>
         <object_component_ref idref="oc-14f"/>
      </symbol>
      <symbol id="sm-39b">
         <name>SysCtlClockGet</name>
         <value>0x1279</value>
         <object_component_ref idref="oc-c9"/>
      </symbol>
      <symbol id="sm-3c8">
         <name>SysTickEnable</name>
         <value>0x1a25</value>
         <object_component_ref idref="oc-167"/>
      </symbol>
      <symbol id="sm-3c9">
         <name>SysTickIntRegister</name>
         <value>0x19a5</value>
         <object_component_ref idref="oc-16d"/>
      </symbol>
      <symbol id="sm-3ca">
         <name>SysTickIntEnable</name>
         <value>0x1a39</value>
         <object_component_ref idref="oc-161"/>
      </symbol>
      <symbol id="sm-3cb">
         <name>SysTickPeriodSet</name>
         <value>0x1a5d</value>
         <object_component_ref idref="oc-cf"/>
      </symbol>
      <symbol id="sm-3d5">
         <name>CPUcpsie</name>
         <value>0x1a89</value>
         <object_component_ref idref="oc-281"/>
      </symbol>
      <symbol id="sm-3ec">
         <name>__aeabi_dsub</name>
         <value>0xe1d</value>
         <object_component_ref idref="oc-1fb"/>
      </symbol>
      <symbol id="sm-3ed">
         <name>__aeabi_dadd</name>
         <value>0xe27</value>
         <object_component_ref idref="oc-1fb"/>
      </symbol>
      <symbol id="sm-401">
         <name>__aeabi_ddiv</name>
         <value>0x1141</value>
         <object_component_ref idref="oc-205"/>
      </symbol>
      <symbol id="sm-40c">
         <name>__aeabi_dmul</name>
         <value>0x1391</value>
         <object_component_ref idref="oc-200"/>
      </symbol>
      <symbol id="sm-416">
         <name>__aeabi_d2iz</name>
         <value>0x17a9</value>
         <object_component_ref idref="oc-20a"/>
      </symbol>
      <symbol id="sm-420">
         <name>__aeabi_i2d</name>
         <value>0x1949</value>
         <object_component_ref idref="oc-1f0"/>
      </symbol>
      <symbol id="sm-439">
         <name>__TI_zero_init_nomemset</name>
         <value>0x19c1</value>
         <object_component_ref idref="oc-47"/>
      </symbol>
      <symbol id="sm-450">
         <name>__TI_decompress_none</name>
         <value>0x1a7b</value>
         <object_component_ref idref="oc-1b"/>
      </symbol>
      <symbol id="sm-473">
         <name>__TI_decompress_lzss</name>
         <value>0x1685</value>
         <object_component_ref idref="oc-15"/>
      </symbol>
      <symbol id="sm-489">
         <name>rand</name>
         <value>0x1915</value>
         <object_component_ref idref="oc-1f5"/>
      </symbol>
      <symbol id="sm-49c">
         <name>__stack</name>
         <value>0x20000578</value>
         <object_component_ref idref="oc-24"/>
      </symbol>
      <symbol id="sm-49d">
         <name>_c_int00_noargs</name>
         <value>0x18e1</value>
         <object_component_ref idref="oc-59"/>
      </symbol>
      <symbol id="sm-4b8">
         <name>memcpy</name>
         <value>0x1581</value>
         <object_component_ref idref="oc-3b"/>
      </symbol>
      <symbol id="sm-4b9">
         <name>__aeabi_memcpy</name>
         <value>0x1581</value>
         <object_component_ref idref="oc-3b"/>
      </symbol>
      <symbol id="sm-4ba">
         <name>__aeabi_memcpy8</name>
         <value>0x1581</value>
         <object_component_ref idref="oc-3b"/>
      </symbol>
      <symbol id="sm-4bb">
         <name>__aeabi_memcpy4</name>
         <value>0x1581</value>
         <object_component_ref idref="oc-3b"/>
      </symbol>
      <symbol id="sm-4e4">
         <name>__TI_auto_init_nobinit_nopinit</name>
         <value>0x1835</value>
         <object_component_ref idref="oc-1b1"/>
      </symbol>
      <symbol id="sm-4ee">
         <name>_system_pre_init</name>
         <value>0x1abf</value>
         <object_component_ref idref="oc-95"/>
      </symbol>
      <symbol id="sm-4fa">
         <name>C$$EXIT</name>
         <value>0x1ac3</value>
         <object_component_ref idref="oc-1a5"/>
      </symbol>
      <symbol id="sm-4fb">
         <name>abort</name>
         <value>0x1ac3</value>
         <object_component_ref idref="oc-1a5"/>
      </symbol>
      <symbol id="sm-510">
         <name>_nop</name>
         <value>0xfd3</value>
         <object_component_ref idref="oc-2eb"/>
      </symbol>
      <symbol id="sm-511">
         <name>_lock</name>
         <value>0x20000568</value>
         <object_component_ref idref="oc-294"/>
      </symbol>
      <symbol id="sm-512">
         <name>_unlock</name>
         <value>0x2000056c</value>
         <object_component_ref idref="oc-294"/>
      </symbol>
      <symbol id="sm-514">
         <name>__TI_static_base__</name>
         <value>0x0</value>
      </symbol>
      <symbol id="sm-517">
         <name>__mpu_init</name>
         <value>0x0</value>
      </symbol>
      <symbol id="sm-518">
         <name>_system_post_cinit</name>
         <value>0x0</value>
      </symbol>
   </symbol_table>
   <title>Link successful</title>
</link_info>
